"""Test the function add_integer"""

"""import function"""
>>> say_my_name = __import__('3-say_my_name').say_my_name

>>> say_my_name(2, "Osorno")
Traceback (most recent call last):
...
TypeError: first_name must be a string

>>> say_my_name("Santiago", 2)
Traceback (most recent call last):
...
TypeError: last_name must be a string

>>> say_my_name()
Traceback (most recent call last):
...
TypeError: say_my_name() missing 1 required positional argument: 'first_name'

>>> say_my_name(2, 2)
Traceback (most recent call last):
...
TypeError: first_name must be a string

>>> say_my_name("Santiago", "Osorno")
My name is Santiago Osorno

>>> say_my_name("Santiago")
My name is Santiago 